// Jest Snapshot v1, https://goo.gl/fbAQLP

exports[`<HelpTab /> render() should render correctly 1`] = `
<WithStyles(Component)
  denseTitle={true}
  fullWidth={true}
  header={
    <H3
      dense={true}
      weight="bold"
    >
      app.containers.Templates.TemplateManagement.components.TemplateContent.components.Header.components.HelpTab.tabHelp
    </H3>
  }
  headerNoWrap={true}
  maxWidth="sm"
  onClose={[MockFunction]}
  open={false}
  submitButton={
    <WithStyles(JTextClass)
      onClick={[MockFunction]}
    >
      Got It
    </WithStyles(JTextClass)>
  }
>
  <WithStyles(GridContainer)
    direction="column"
    spacing={2}
  >
    <WithStyles(GridItem)>
      <WithStyles(JTextClass)
        black={true}
        bolder={true}
        nowrap={false}
      >
        <FormattedMessage
          defaultMessage="Having everything in one place makes information and resources a lot easier to find. Dividing your content into related groups with Tabs is a great way to do this."
          id="app.containers.Templates.TemplateManagement.components.TemplateContent.components.Header.components.HelpTab.needOthers"
        />
      </WithStyles(JTextClass)>
    </WithStyles(GridItem)>
    <WithStyles(GridItem)>
      <H4>
        <WithStyles(JTextClass)
          black={true}
          bolder={true}
          color="white"
          nowrap={false}
        >
          <FormattedMessage
            defaultMessage="Examples of tabs could include:"
            id="app.containers.Templates.TemplateManagement.components.TemplateContent.components.Header.components.HelpTab.examples"
          />
        </WithStyles(JTextClass)>
      </H4>
      <WithStyles(Table)>
        <WithStyles(TableBody)>
          <WithStyles(TableRow)>
            <WithStyles(TableCell)>
              <WithStyles(GridContainer)
                direction="column"
              >
                <WithStyles(GridItem)>
                  <ul>
                    <li>
                      <WithStyles(JTextClass)
                        black={true}
                        halfPaddingLeft={true}
                        nowrap={false}
                      >
                        <FormattedMessage
                          defaultMessage="What’s New to keep people up to date on the latest news"
                          id="app.containers.Templates.TemplateManagement.components.TemplateContent.components.Header.components.HelpTab.sample1"
                        />
                      </WithStyles(JTextClass)>
                    </li>
                    <li>
                      <WithStyles(JTextClass)
                        black={true}
                        halfPaddingLeft={true}
                        nowrap={false}
                      >
                        <FormattedMessage
                          defaultMessage="Travel Tips to inform travellers what to bring, do and be watchful for"
                          id="app.containers.Templates.TemplateManagement.components.TemplateContent.components.Header.components.HelpTab.sample2"
                        />
                      </WithStyles(JTextClass)>
                    </li>
                    <li>
                      <WithStyles(JTextClass)
                        black={true}
                        halfPaddingLeft={true}
                        nowrap={false}
                      >
                        <FormattedMessage
                          defaultMessage="Useful Phrases if travelling to a foreign country"
                          id="app.containers.Templates.TemplateManagement.components.TemplateContent.components.Header.components.HelpTab.sample3"
                        />
                      </WithStyles(JTextClass)>
                    </li>
                    <li>
                      <WithStyles(JTextClass)
                        black={true}
                        halfPaddingLeft={true}
                        nowrap={false}
                      >
                        <FormattedMessage
                          defaultMessage="Terrorism or Covid notes for easy reference and study"
                          id="app.containers.Templates.TemplateManagement.components.TemplateContent.components.Header.components.HelpTab.sample4"
                        />
                      </WithStyles(JTextClass)>
                    </li>
                    <li>
                      <WithStyles(JTextClass)
                        black={true}
                        halfPaddingLeft={true}
                        nowrap={false}
                      >
                        <FormattedMessage
                          defaultMessage="Tour Inclusions for clarity"
                          id="app.containers.Templates.TemplateManagement.components.TemplateContent.components.Header.components.HelpTab.sample5"
                        />
                      </WithStyles(JTextClass)>
                    </li>
                    <li>
                      <WithStyles(JTextClass)
                        black={true}
                        halfPaddingLeft={true}
                        nowrap={false}
                      >
                        <FormattedMessage
                          defaultMessage="Terms and Conditions if this is part of your offering"
                          id="app.containers.Templates.TemplateManagement.components.TemplateContent.components.Header.components.HelpTab.sample6"
                        />
                      </WithStyles(JTextClass)>
                    </li>
                    <li>
                      <WithStyles(JTextClass)
                        black={true}
                        halfPaddingLeft={true}
                        nowrap={false}
                      >
                        <FormattedMessage
                          defaultMessage="Frequently Asked Questions to inform your audience better"
                          id="app.containers.Templates.TemplateManagement.components.TemplateContent.components.Header.components.HelpTab.sample7"
                        />
                      </WithStyles(JTextClass)>
                    </li>
                    <li>
                      <WithStyles(JTextClass)
                        black={true}
                        halfPaddingLeft={true}
                        nowrap={false}
                      >
                        <FormattedMessage
                          defaultMessage="Study content for reference material and reading"
                          id="app.containers.Templates.TemplateManagement.components.TemplateContent.components.Header.components.HelpTab.sample8"
                        />
                      </WithStyles(JTextClass)>
                    </li>
                    <li>
                      <WithStyles(JTextClass)
                        black={true}
                        halfPaddingLeft={true}
                        nowrap={false}
                      >
                        <FormattedMessage
                          defaultMessage="Contact Numbers in case of emergencies"
                          id="app.containers.Templates.TemplateManagement.components.TemplateContent.components.Header.components.HelpTab.sample9"
                        />
                      </WithStyles(JTextClass)>
                    </li>
                    <li>
                      <WithStyles(JTextClass)
                        black={true}
                        halfPaddingLeft={true}
                        nowrap={false}
                      >
                        <FormattedMessage
                          defaultMessage="Instructions to simply the process"
                          id="app.containers.Templates.TemplateManagement.components.TemplateContent.components.Header.components.HelpTab.sample10"
                        />
                      </WithStyles(JTextClass)>
                    </li>
                  </ul>
                </WithStyles(GridItem)>
              </WithStyles(GridContainer)>
            </WithStyles(TableCell)>
          </WithStyles(TableRow)>
        </WithStyles(TableBody)>
      </WithStyles(Table)>
    </WithStyles(GridItem)>
    <WithStyles(GridItem)>
      <H4>
        <WithStyles(JTextClass)
          black={true}
          bolder={true}
          color="white"
          nowrap={false}
        >
          <FormattedMessage
            defaultMessage="KEY USAGE POINTS"
            id="app.containers.Templates.TemplateManagement.components.TemplateContent.components.Header.components.HelpTab.line2"
          />
        </WithStyles(JTextClass)>
      </H4>
      <WithStyles(Table)>
        <WithStyles(TableBody)>
          <WithStyles(TableRow)>
            <WithStyles(TableCell)>
              <WithStyles(GridContainer)>
                <WithStyles(GridItem)>
                  <ul>
                    <li>
                      <WithStyles(JTextClass)
                        black={true}
                        halfPaddingLeft={true}
                        nowrap={false}
                      >
                        <FormattedMessage
                          defaultMessage="Use the + TAB while in EDIT MODE to add a new tab"
                          id="app.containers.Templates.TemplateManagement.components.TemplateContent.components.Header.components.HelpTab.k1"
                        />
                      </WithStyles(JTextClass)>
                    </li>
                    <li>
                      <WithStyles(JTextClass)
                        black={true}
                        halfPaddingLeft={true}
                        nowrap={false}
                      >
                        <FormattedMessage
                          defaultMessage="Drag and Drop to reorder the Tabs. Tip: you can drag and drop the order of Sections within each Tab, including moving Sections between tabs to fine-tune your content"
                          id="app.containers.Templates.TemplateManagement.components.TemplateContent.components.Header.components.HelpTab.k3"
                        />
                      </WithStyles(JTextClass)>
                    </li>
                    <li>
                      <WithStyles(JTextClass)
                        black={true}
                        halfPaddingLeft={true}
                        nowrap={false}
                      >
                        <FormattedMessage
                          defaultMessage="Rename any Tab and use security to control access"
                          id="app.containers.Templates.TemplateManagement.components.TemplateContent.components.Header.components.HelpTab.k4"
                        />
                      </WithStyles(JTextClass)>
                    </li>
                    <li>
                      <WithStyles(JTextClass)
                        black={true}
                        halfPaddingLeft={true}
                        nowrap={false}
                      >
                        <FormattedMessage
                          defaultMessage="For important information in the itinerary, create Sections in the relevant days and cross-reference with Links to a tab"
                          id="app.containers.Templates.TemplateManagement.components.TemplateContent.components.Header.components.HelpTab.k2"
                        />
                      </WithStyles(JTextClass)>
                    </li>
                  </ul>
                </WithStyles(GridItem)>
              </WithStyles(GridContainer)>
            </WithStyles(TableCell)>
          </WithStyles(TableRow)>
        </WithStyles(TableBody)>
      </WithStyles(Table)>
    </WithStyles(GridItem)>
  </WithStyles(GridContainer)>
</WithStyles(Component)>
`;
