// Jest Snapshot v1, https://goo.gl/fbAQLP

exports[`<FilterIdsByTourDate /> render() should render correctly 1`] = `<div />`;

exports[`<FilterIdsByTourDate /> render() should render correctly 2`] = `
Array [
  Array [
    Object {
      "filteredIds": Array [],
      "ids": Array [],
    },
  ],
  Array [
    Object {
      "filteredIds": Array [],
      "ids": Array [],
    },
  ],
  Array [
    Object {
      "filteredIds": Array [],
      "ids": Array [],
    },
  ],
  Array [
    Object {
      "filteredIds": Array [],
      "ids": Array [],
    },
  ],
]
`;
