// Jest Snapshot v1, https://goo.gl/fbAQLP

exports[`<Step1 /> render() should render 1`] = `
<div>
  <WithStyles(GridContainer)
    direction="column"
    spacing={0}
  >
    <WithStyles(GridItem)>
      <div
        className=""
      >
        <WithStyles(GridContainer)
          direction="column"
        >
          <WithStyles(GridItem)>
            <WithStyles(GridContainer)
              direction="column"
            >
              <WithStyles(GridItem)>
                <WithStyles(JTextClass)
                  bold={true}
                  gray={true}
                  sm={true}
                  uppercase={true}
                >
                  Select flight type
                </WithStyles(JTextClass)>
              </WithStyles(GridItem)>
              <WithStyles(GridItem)>
                <WithStyles(GridContainer)
                  alignItems="center"
                  wrap="nowrap"
                >
                  <WithStyles(GridItem)>
                    <WithStyles(JButton)
                      bg="gray"
                      block={true}
                      disabled={false}
                      onClick={[Function]}
                    >
                      <WithStyles(GridContainer)
                        alignItems="center"
                        wrap="nowrap"
                      >
                        <WithStyles(GridItem)>
                          <WithStyles(ForwardRef(Radio))
                            checked={false}
                            color="primary"
                            name="tripType"
                            value="return"
                          />
                        </WithStyles(GridItem)>
                        <WithStyles(GridItem)>
                          Return
                        </WithStyles(GridItem)>
                      </WithStyles(GridContainer)>
                    </WithStyles(JButton)>
                  </WithStyles(GridItem)>
                  <WithStyles(GridItem)>
                    <WithStyles(JButton)
                      bg="gray"
                      block={true}
                      disabled={false}
                      onClick={[Function]}
                    >
                      <WithStyles(GridContainer)
                        alignItems="center"
                        wrap="nowrap"
                      >
                        <WithStyles(GridItem)>
                          <WithStyles(ForwardRef(Radio))
                            checked={false}
                            color="primary"
                            name="tripType"
                            value="oneway"
                          />
                        </WithStyles(GridItem)>
                        <WithStyles(GridItem)>
                          One way
                        </WithStyles(GridItem)>
                      </WithStyles(GridContainer)>
                    </WithStyles(JButton)>
                  </WithStyles(GridItem)>
                  <WithStyles(GridItem)>
                    <WithStyles(JButton)
                      bg="gray"
                      block={true}
                      disabled={false}
                      onClick={[Function]}
                    >
                      <WithStyles(GridContainer)
                        alignItems="center"
                        wrap="nowrap"
                      >
                        <WithStyles(GridItem)>
                          <WithStyles(ForwardRef(Radio))
                            checked={false}
                            color="primary"
                            name="tripType"
                            value="multi"
                          />
                        </WithStyles(GridItem)>
                        <WithStyles(GridItem)>
                          Multi-city
                        </WithStyles(GridItem)>
                      </WithStyles(GridContainer)>
                    </WithStyles(JButton)>
                  </WithStyles(GridItem)>
                </WithStyles(GridContainer)>
              </WithStyles(GridItem)>
            </WithStyles(GridContainer)>
          </WithStyles(GridItem)>
        </WithStyles(GridContainer)>
      </div>
    </WithStyles(GridItem)>
  </WithStyles(GridContainer)>
</div>
`;
