// Jest Snapshot v1, https://goo.gl/fbAQLP

exports[`Content/config.js Smoke Test should exists 1`] = `
Object {
  "value": Object {
    "ugroopIds": Object {
      "getter": [Function],
      "keyPath": Array [
        "notificationStore",
        "ugroopIds",
      ],
      "props": [Function],
    },
  },
}
`;
