// Jest Snapshot v1, https://goo.gl/fbAQLP

exports[`<StartAttendance /> #render() still matches snapshot 1`] = `
<ConnectFunction
  classes={Object {}}
  inputs={
    Object {
      "label": <FormattedMessage
        defaultMessage="On check-in"
        id="app.Event.parts.Accommodation.StartAttendance.startAttendanceLabel"
      />,
      "name": "data.attendance.recordEventStart",
    }
  }
/>
`;
