// Jest Snapshot v1, https://goo.gl/fbAQLP

exports[`<Duration /> render() should render !startDate 1`] = `
<div>
  <WithStyles(GridItem)>
    <WithStyles(GridContainer)
      alignItems="center"
      spacing={0}
    >
      <WithStyles(GridItem)>
        <WithStyles(Icon)
          flipX={true}
          icon="lnr-history2"
          paddingLeft={true}
          size="xsmall"
        />
      </WithStyles(GridItem)>
      <WithStyles(GridItem)>
        44
        -day tour
      </WithStyles(GridItem)>
    </WithStyles(GridContainer)>
  </WithStyles(GridItem)>
</div>
`;
